Assembler report for custom_ip
Tue Mar 10 16:45:50 2026
Quartus Prime Version 16.0.0 Build 211 04/27/2016 SJ Standard Edition


---------------------
; Table of Contents ;
---------------------
  1. Legal Notice
  2. Assembler Summary
  3. Assembler Settings
  4. Assembler Generated Files
  5. Assembler Device Options: custom_ip.sof
  6. Assembler Messages



----------------
; Legal Notice ;
----------------
Copyright (C) 1991-2016 Altera Corporation. All rights reserved.
Your use of Altera Corporation's design tools, logic functions 
and other software and tools, and its AMPP partner logic 
functions, and any output files from any of the foregoing 
(including device programming or simulation files), and any 
associated documentation or information are expressly subject 
to the terms and conditions of the Altera Program License 
Subscription Agreement, the Altera Quartus Prime License Agreement,
the Altera MegaCore Function License Agreement, or other 
applicable license agreement, including, without limitation, 
that your use is for the sole purpose of programming logic 
devices manufactured by Altera and sold by Altera or its 
authorized distributors.  Please refer to the applicable 
agreement for further details.



+---------------------------------------------------------------+
; Assembler Summary                                             ;
+-----------------------+---------------------------------------+
; Assembler Status      ; Successful - Tue Mar 10 16:45:50 2026 ;
; Revision Name         ; custom_ip                             ;
; Top-level Entity Name ; custom_ip                             ;
; Family                ; Cyclone V                             ;
; Device                ; 5CSEMA5F31C6                          ;
+-----------------------+---------------------------------------+


+----------------------------------+
; Assembler Settings               ;
+--------+---------+---------------+
; Option ; Setting ; Default Value ;
+--------+---------+---------------+


+---------------------------+
; Assembler Generated Files ;
+---------------------------+
; File Name                 ;
+---------------------------+
; custom_ip.sof             ;
+---------------------------+


+-----------------------------------------+
; Assembler Device Options: custom_ip.sof ;
+----------------+------------------------+
; Option         ; Setting                ;
+----------------+------------------------+
; Device         ; 5CSEMA5F31C6           ;
; JTAG usercode  ; 0x00C2C80A             ;
; Checksum       ; 0x00C2C80A             ;
+----------------+------------------------+


+--------------------+
; Assembler Messages ;
+--------------------+
Info: *******************************************************************
Info: Running Quartus Prime Assembler
    Info: Version 16.0.0 Build 211 04/27/2016 SJ Standard Edition
    Info: Processing started: Tue Mar 10 16:45:36 2026
Info: Command: quartus_asm --read_settings_files=off --write_settings_files=off custom_ip -c custom_ip
Warning (18236): Number of processors has not been specified which may cause overloading on shared machines.  Set the global assignment NUM_PARALLEL_PROCESSORS in your QSF to an appropriate value for best performance.
Info (115030): Assembler is generating device programming files
Warning (11713): The configuration of the Hard Processor Subsystem (HPS) within this design has changed.
The Preloader software that initializes the HPS requires an update.
Using hps_isw_handoff/soc_system_hps_0/, run the Preloader Support Package Generator to update your Preloader software
Info: Quartus Prime Assembler was successful. 0 errors, 2 warnings
    Info: Peak virtual memory: 1489 megabytes
    Info: Processing ended: Tue Mar 10 16:45:50 2026
    Info: Elapsed time: 00:00:14
    Info: Total CPU time (on all processors): 00:00:10


